2026-09-05 10:28:42,997 [INFO] docuengine - Iniciando DocuEngine SGDEA (Observabilidad Activada)
2026-09-05 10:28:42,999 [INFO] docuengine - Iniciando DocuEngine SGDEA (Observabilidad Activada)
2026-09-05 10:28:42,999 [INFO] docuengine - Iniciando DocuEngine SGDEA (Observabilidad Activada)
2026-09-05 10:38:12,194 [INFO] docuengine - Iniciando DocuEngine SGDEA (Observabilidad Activada)
2026-09-05 10:38:12,195 [INFO] docuengine - Iniciando DocuEngine SGDEA (Observabilidad Activada)
2026-09-05 10:38:12,196 [INFO] docuengine - Iniciando DocuEngine SGDEA (Observabilidad Activada)
2026-09-05 10:38:12,196 [INFO] docuengine - Iniciando DocuEngine SGDEA (Observabilidad Activada)
2026-09-05 10:40:34,519 [INFO] docuengine - Iniciando DocuEngine SGDEA (Observabilidad Activada)
2026-09-05 10:40:34,520 [INFO] docuengine - Iniciando DocuEngine SGDEA (Observabilidad Activada)
2026-09-05 10:40:34,521 [INFO] docuengine - Iniciando DocuEngine SGDEA (Observabilidad Activada)
2026-09-05 10:40:34,521 [INFO] docuengine - Iniciando DocuEngine SGDEA (Observabilidad Activada)
2026-09-05 10:40:41,771 [INFO] docuengine - Iniciando DocuEngine SGDEA (Observabilidad Activada)
2026-09-05 10:40:41,773 [INFO] docuengine - Iniciando DocuEngine SGDEA (Observabilidad Activada)
2026-09-05 10:40:57,455 [INFO] docuengine - Iniciando DocuEngine SGDEA (Observabilidad Activada)
2026-09-05 10:40:57,456 [INFO] docuengine - Iniciando DocuEngine SGDEA (Observabilidad Activada)
2026-09-05 10:40:57,543 [INFO] docuengine - Iniciando DocuEngine SGDEA (Observabilidad Activada)
2026-09-05 10:40:57,544 [INFO] docuengine - Iniciando DocuEngine SGDEA (Observabilidad Activada)
2026-09-05 10:41:02,528 [INFO] docuengine - Iniciando DocuEngine SGDEA (Observabilidad Activada)
2026-09-05 10:41:02,652 [INFO] docuengine - Iniciando DocuEngine SGDEA (Observabilidad Activada)
2026-09-05 10:41:02,654 [INFO] docuengine - Iniciando DocuEngine SGDEA (Observabilidad Activada)
2026-09-05 10:41:02,977 [INFO] argostranslate.utils - ('get_installed_languages',)
2026-09-05 10:41:03,140 [INFO] docuengine - Iniciando DocuEngine SGDEA (Observabilidad Activada)
2026-09-05 10:41:03,393 [INFO] argostranslate.utils - ('get_installed_languages',)
2026-09-05 10:41:04,034 [INFO] argostranslate.utils - ('paragraphs:', ['Inicializando sistema de traducciÃƒÂ³n offline'])
2026-09-05 10:41:04,034 [INFO] argostranslate.utils - ('apply_packaged_translation', 'Inicializando sistema de traducciÃƒÂ³n offline')
2026-09-05 10:41:04,034 [INFO] argostranslate.utils - ('Splitting sentences using SBD Model: (es) StanzaSentencizer',)
2026-09-05 10:41:04,410 [INFO] argostranslate.utils - ('paragraphs:', ['Inicializando sistema de traducciÃƒÂ³n offline'])
2026-09-05 10:41:04,411 [INFO] argostranslate.utils - ('apply_packaged_translation', 'Inicializando sistema de traducciÃƒÂ³n offline')
2026-09-05 10:41:04,411 [INFO] argostranslate.utils - ('Splitting sentences using SBD Model: (es) StanzaSentencizer',)
2026-09-05 10:41:05,311 [WARNING] stanza - Language es package default expects mwt, which has been added
2026-09-05 10:41:05,319 [WARNING] stanza - Language es package default expects mwt, which has been added
2026-09-05 10:41:08,330 [INFO] docuengine - Iniciando DocuEngine SGDEA (Observabilidad Activada)
2026-09-05 10:41:09,917 [INFO] argostranslate.utils - ('sentences', ['Inicializando sistema de traducciÃƒÂ³n offline'])
2026-09-05 10:41:10,638 [INFO] argostranslate.utils - ('tokenized', [['Inici@@', 'alizando', 'sistema', 'de', 'traduc@@', 'ci@@', 'Ã@@', 'ƒ@@', 'Â', '³', 'n', 'of@@', 'fl@@', 'ine']])
2026-09-05 10:41:10,736 [INFO] argostranslate.utils - ('translated_batches', [TranslationResult(hypotheses=[['Initi@@', 'alizing', 'system', 'of', 'translation']], scores=[-4.240051746368408], attention=[], logits=[])])
2026-09-05 10:41:10,736 [INFO] argostranslate.utils - ('value_hypotheses:', [('Initializing system of translation', -4.240051746368408)])
2026-09-05 10:41:10,736 [INFO] argostranslate.utils - ('translated_paragraphs:', [[('Initializing system of translation', -4.240051746368408)]])
2026-09-05 10:41:10,737 [INFO] argostranslate.utils - ('hypotheses_to_return:', [('Initializing system of translation', -4.240051746368408)])
2026-09-05 10:41:11,665 [INFO] argostranslate.utils - ('sentences', ['Inicializando sistema de traducciÃƒÂ³n offline'])
2026-09-05 10:41:12,676 [INFO] argostranslate.utils - ('tokenized', [['Inici@@', 'alizando', 'sistema', 'de', 'traduc@@', 'ci@@', 'Ã@@', 'ƒ@@', 'Â', '³', 'n', 'of@@', 'fl@@', 'ine']])
2026-09-05 10:41:12,768 [INFO] argostranslate.utils - ('translated_batches', [TranslationResult(hypotheses=[['Initi@@', 'alizing', 'system', 'of', 'translation']], scores=[-4.240051746368408], attention=[], logits=[])])
2026-09-05 10:41:12,769 [INFO] argostranslate.utils - ('value_hypotheses:', [('Initializing system of translation', -4.240051746368408)])
2026-09-05 10:41:12,770 [INFO] argostranslate.utils - ('translated_paragraphs:', [[('Initializing system of translation', -4.240051746368408)]])
2026-09-05 10:41:12,770 [INFO] argostranslate.utils - ('hypotheses_to_return:', [('Initializing system of translation', -4.240051746368408)])
2026-09-05 10:42:02,233 [INFO] docuengine - Iniciando DocuEngine SGDEA (Observabilidad Activada)
2026-09-05 10:42:02,233 [INFO] docuengine - Iniciando DocuEngine SGDEA (Observabilidad Activada)
2026-09-05 10:42:02,234 [INFO] docuengine - Iniciando DocuEngine SGDEA (Observabilidad Activada)
2026-09-05 10:42:02,234 [INFO] docuengine - Iniciando DocuEngine SGDEA (Observabilidad Activada)
2026-09-05 10:42:10,000 [INFO] docuengine - Iniciando DocuEngine SGDEA (Observabilidad Activada)
2026-09-05 10:42:10,004 [INFO] docuengine - Iniciando DocuEngine SGDEA (Observabilidad Activada)
2026-09-05 10:42:10,220 [INFO] argostranslate.utils - ('get_installed_languages',)
2026-09-05 10:42:10,220 [INFO] argostranslate.utils - ('get_installed_languages',)
2026-09-05 10:42:11,366 [INFO] argostranslate.utils - ('paragraphs:', ['Inicializando sistema de traducciÃƒÂ³n offline'])
2026-09-05 10:42:11,367 [INFO] argostranslate.utils - ('apply_packaged_translation', 'Inicializando sistema de traducciÃƒÂ³n offline')
2026-09-05 10:42:11,367 [INFO] argostranslate.utils - ('Splitting sentences using SBD Model: (es) StanzaSentencizer',)
2026-09-05 10:42:12,319 [WARNING] stanza - Language es package default expects mwt, which has been added
2026-09-05 10:42:16,584 [INFO] argostranslate.utils - ('sentences', ['Inicializando sistema de traducciÃƒÂ³n offline'])
2026-09-05 10:42:17,218 [INFO] argostranslate.utils - ('tokenized', [['Inici@@', 'alizando', 'sistema', 'de', 'traduc@@', 'ci@@', 'Ã@@', 'ƒ@@', 'Â', '³', 'n', 'of@@', 'fl@@', 'ine']])
2026-09-05 10:42:17,220 [INFO] argostranslate.utils - ('tokenized', [['Inici@@', 'alizando', 'sistema', 'de', 'traduc@@', 'ci@@', 'Ã@@', 'ƒ@@', 'Â', '³', 'n', 'of@@', 'fl@@', 'ine']])
2026-09-05 10:42:17,345 [INFO] argostranslate.utils - ('translated_batches', [TranslationResult(hypotheses=[['Initi@@', 'alizing', 'system', 'of', 'translation']], scores=[-4.240051746368408], attention=[], logits=[])])
2026-09-05 10:42:17,345 [INFO] argostranslate.utils - ('translated_batches', [TranslationResult(hypotheses=[['Initi@@', 'alizing', 'system', 'of', 'translation']], scores=[-4.240051746368408], attention=[], logits=[])])
2026-09-05 10:42:17,345 [INFO] argostranslate.utils - ('value_hypotheses:', [('Initializing system of translation', -4.240051746368408)])
2026-09-05 10:42:17,345 [INFO] argostranslate.utils - ('value_hypotheses:', [('Initializing system of translation', -4.240051746368408)])
2026-09-05 10:42:17,346 [INFO] argostranslate.utils - ('translated_paragraphs:', [[('Initializing system of translation', -4.240051746368408)]])
2026-09-05 10:42:17,346 [INFO] argostranslate.utils - ('translated_paragraphs:', [[('Initializing system of translation', -4.240051746368408)]])
2026-09-05 10:42:17,346 [INFO] argostranslate.utils - ('hypotheses_to_return:', [('Initializing system of translation', -4.240051746368408)])
2026-09-05 10:42:17,346 [INFO] argostranslate.utils - ('hypotheses_to_return:', [('Initializing system of translation', -4.240051746368408)])
2026-09-05 11:01:32,473 [INFO] docuengine - Iniciando DocuEngine SGDEA (Observabilidad Activada)
2026-09-05 11:01:32,476 [INFO] docuengine - Iniciando DocuEngine SGDEA (Observabilidad Activada)
2026-09-05 11:01:38,888 [INFO] docuengine - Iniciando DocuEngine SGDEA (Observabilidad Activada)
2026-09-05 11:04:20,087 [INFO] docuengine - Iniciando DocuEngine SGDEA (Observabilidad Activada)
2026-09-05 11:04:20,088 [INFO] docuengine - Iniciando DocuEngine SGDEA (Observabilidad Activada)
2026-09-05 11:04:20,089 [INFO] docuengine - Iniciando DocuEngine SGDEA (Observabilidad Activada)
2026-09-05 11:04:20,089 [INFO] docuengine - Iniciando DocuEngine SGDEA (Observabilidad Activada)
2026-09-05 11:04:30,274 [INFO] docuengine - Iniciando DocuEngine SGDEA (Observabilidad Activada)
2026-09-05 11:04:30,771 [INFO] argostranslate.utils - ('get_installed_languages',)
2026-09-05 11:04:30,771 [INFO] argostranslate.utils - ('get_installed_languages',)
2026-09-05 11:04:31,957 [INFO] argostranslate.utils - ('paragraphs:', ['Inicializando sistema de traducciÃƒÂ³n offline'])
2026-09-05 11:04:31,957 [INFO] argostranslate.utils - ('paragraphs:', ['Inicializando sistema de traducciÃƒÂ³n offline'])
2026-09-05 11:04:31,957 [INFO] argostranslate.utils - ('apply_packaged_translation', 'Inicializando sistema de traducciÃƒÂ³n offline')
2026-09-05 11:04:31,958 [INFO] argostranslate.utils - ('apply_packaged_translation', 'Inicializando sistema de traducciÃƒÂ³n offline')
2026-09-05 11:04:31,958 [INFO] argostranslate.utils - ('Splitting sentences using SBD Model: (es) StanzaSentencizer',)
2026-09-05 11:04:31,958 [INFO] argostranslate.utils - ('Splitting sentences using SBD Model: (es) StanzaSentencizer',)
2026-09-05 11:04:33,012 [WARNING] stanza - Language es package default expects mwt, which has been added
2026-09-05 11:04:38,365 [INFO] argostranslate.utils - ('sentences', ['Inicializando sistema de traducciÃƒÂ³n offline'])
2026-09-05 11:04:39,065 [INFO] argostranslate.utils - ('tokenized', [['Inici@@', 'alizando', 'sistema', 'de', 'traduc@@', 'ci@@', 'Ã@@', 'ƒ@@', 'Â', '³', 'n', 'of@@', 'fl@@', 'ine']])
2026-09-05 11:04:39,163 [INFO] argostranslate.utils - ('translated_batches', [TranslationResult(hypotheses=[['Initi@@', 'alizing', 'system', 'of', 'translation']], scores=[-4.240051746368408], attention=[], logits=[])])
2026-09-05 11:04:39,164 [INFO] argostranslate.utils - ('value_hypotheses:', [('Initializing system of translation', -4.240051746368408)])
2026-09-05 11:04:39,164 [INFO] argostranslate.utils - ('translated_paragraphs:', [[('Initializing system of translation', -4.240051746368408)]])
2026-09-05 11:04:39,165 [INFO] argostranslate.utils - ('hypotheses_to_return:', [('Initializing system of translation', -4.240051746368408)])
2026-09-05 11:05:21,316 [INFO] docuengine - Iniciando DocuEngine SGDEA (Observabilidad Activada)
2026-09-05 11:05:21,317 [INFO] docuengine - Iniciando DocuEngine SGDEA (Observabilidad Activada)
2026-09-05 11:05:21,317 [INFO] docuengine - Iniciando DocuEngine SGDEA (Observabilidad Activada)
2026-09-05 11:05:21,318 [INFO] docuengine - Iniciando DocuEngine SGDEA (Observabilidad Activada)
2026-09-05 11:05:29,749 [INFO] docuengine - Iniciando DocuEngine SGDEA (Observabilidad Activada)
2026-09-05 11:05:29,750 [INFO] docuengine - Iniciando DocuEngine SGDEA (Observabilidad Activada)
2026-09-05 11:05:30,000 [INFO] argostranslate.utils - ('get_installed_languages',)
2026-09-05 11:05:30,004 [INFO] argostranslate.utils - ('get_installed_languages',)
2026-09-05 11:05:31,053 [INFO] argostranslate.utils - ('paragraphs:', ['Inicializando sistema de traducciÃƒÂ³n offline'])
2026-09-05 11:05:31,053 [INFO] argostranslate.utils - ('apply_packaged_translation', 'Inicializando sistema de traducciÃƒÂ³n offline')
2026-09-05 11:05:31,053 [INFO] argostranslate.utils - ('apply_packaged_translation', 'Inicializando sistema de traducciÃƒÂ³n offline')
2026-09-05 11:05:31,054 [INFO] argostranslate.utils - ('Splitting sentences using SBD Model: (es) StanzaSentencizer',)
2026-09-05 11:05:31,054 [INFO] argostranslate.utils - ('Splitting sentences using SBD Model: (es) StanzaSentencizer',)
2026-09-05 11:05:31,998 [WARNING] stanza - Language es package default expects mwt, which has been added
2026-09-05 11:05:36,766 [INFO] argostranslate.utils - ('sentences', ['Inicializando sistema de traducciÃƒÂ³n offline'])
2026-09-05 11:05:37,580 [INFO] argostranslate.utils - ('tokenized', [['Inici@@', 'alizando', 'sistema', 'de', 'traduc@@', 'ci@@', 'Ã@@', 'ƒ@@', 'Â', '³', 'n', 'of@@', 'fl@@', 'ine']])
2026-09-05 11:05:37,684 [INFO] argostranslate.utils - ('translated_batches', [TranslationResult(hypotheses=[['Initi@@', 'alizing', 'system', 'of', 'translation']], scores=[-4.240051746368408], attention=[], logits=[])])
2026-09-05 11:05:37,685 [INFO] argostranslate.utils - ('value_hypotheses:', [('Initializing system of translation', -4.240051746368408)])
2026-09-05 11:05:37,685 [INFO] argostranslate.utils - ('translated_paragraphs:', [[('Initializing system of translation', -4.240051746368408)]])
2026-09-05 11:05:37,685 [INFO] argostranslate.utils - ('hypotheses_to_return:', [('Initializing system of translation', -4.240051746368408)])
2026-09-05 11:05:39,928 [INFO] docuengine - Iniciando DocuEngine SGDEA (Observabilidad Activada)
2026-09-05 11:05:39,930 [INFO] docuengine - Iniciando DocuEngine SGDEA (Observabilidad Activada)
2026-09-05 11:05:41,265 [INFO] docuengine - Iniciando DocuEngine SGDEA (Observabilidad Activada)
2026-09-05 11:05:41,266 [INFO] docuengine - Iniciando DocuEngine SGDEA (Observabilidad Activada)
2026-09-05 11:05:48,176 [INFO] docuengine - Iniciando DocuEngine SGDEA (Observabilidad Activada)
2026-09-05 11:05:48,179 [INFO] docuengine - Iniciando DocuEngine SGDEA (Observabilidad Activada)
2026-09-05 11:05:48,428 [INFO] argostranslate.utils - ('get_installed_languages',)
2026-09-05 11:05:49,510 [INFO] argostranslate.utils - ('paragraphs:', ['Inicializando sistema de traducciÃƒÂ³n offline'])
2026-09-05 11:05:49,511 [INFO] argostranslate.utils - ('apply_packaged_translation', 'Inicializando sistema de traducciÃƒÂ³n offline')
2026-09-05 11:05:49,511 [INFO] argostranslate.utils - ('Splitting sentences using SBD Model: (es) StanzaSentencizer',)
2026-09-05 11:05:49,523 [INFO] argostranslate.utils - ('paragraphs:', ['Inicializando sistema de traducciÃƒÂ³n offline'])
2026-09-05 11:05:49,523 [INFO] argostranslate.utils - ('apply_packaged_translation', 'Inicializando sistema de traducciÃƒÂ³n offline')
2026-09-05 11:05:49,524 [INFO] argostranslate.utils - ('Splitting sentences using SBD Model: (es) StanzaSentencizer',)
2026-09-05 11:05:50,502 [WARNING] stanza - Language es package default expects mwt, which has been added
2026-09-05 11:05:50,515 [WARNING] stanza - Language es package default expects mwt, which has been added
2026-09-05 11:05:54,751 [INFO] argostranslate.utils - ('sentences', ['Inicializando sistema de traducciÃƒÂ³n offline'])
2026-09-05 11:05:54,793 [INFO] argostranslate.utils - ('sentences', ['Inicializando sistema de traducciÃƒÂ³n offline'])
2026-09-05 11:05:55,351 [INFO] argostranslate.utils - ('tokenized', [['Inici@@', 'alizando', 'sistema', 'de', 'traduc@@', 'ci@@', 'Ã@@', 'ƒ@@', 'Â', '³', 'n', 'of@@', 'fl@@', 'ine']])
2026-09-05 11:05:55,388 [INFO] argostranslate.utils - ('tokenized', [['Inici@@', 'alizando', 'sistema', 'de', 'traduc@@', 'ci@@', 'Ã@@', 'ƒ@@', 'Â', '³', 'n', 'of@@', 'fl@@', 'ine']])
2026-09-05 11:05:55,482 [INFO] argostranslate.utils - ('translated_batches', [TranslationResult(hypotheses=[['Initi@@', 'alizing', 'system', 'of', 'translation']], scores=[-4.240051746368408], attention=[], logits=[])])
2026-09-05 11:05:55,483 [INFO] argostranslate.utils - ('value_hypotheses:', [('Initializing system of translation', -4.240051746368408)])
2026-09-05 11:05:55,483 [INFO] argostranslate.utils - ('translated_paragraphs:', [[('Initializing system of translation', -4.240051746368408)]])
2026-09-05 11:05:55,483 [INFO] argostranslate.utils - ('hypotheses_to_return:', [('Initializing system of translation', -4.240051746368408)])
2026-09-05 11:05:55,512 [INFO] argostranslate.utils - ('translated_batches', [TranslationResult(hypotheses=[['Initi@@', 'alizing', 'system', 'of', 'translation']], scores=[-4.240051746368408], attention=[], logits=[])])
2026-09-05 11:05:55,513 [INFO] argostranslate.utils - ('value_hypotheses:', [('Initializing system of translation', -4.240051746368408)])
2026-09-05 11:05:55,513 [INFO] argostranslate.utils - ('translated_paragraphs:', [[('Initializing system of translation', -4.240051746368408)]])
2026-09-05 11:05:55,514 [INFO] argostranslate.utils - ('hypotheses_to_return:', [('Initializing system of translation', -4.240051746368408)])
2026-09-05 11:06:31,778 [INFO] docuengine - Iniciando DocuEngine SGDEA (Observabilidad Activada)
2026-09-05 11:06:31,779 [INFO] docuengine - Iniciando DocuEngine SGDEA (Observabilidad Activada)
2026-09-05 11:06:31,779 [INFO] docuengine - Iniciando DocuEngine SGDEA (Observabilidad Activada)
2026-09-05 11:06:31,780 [INFO] docuengine - Iniciando DocuEngine SGDEA (Observabilidad Activada)
2026-09-05 11:06:40,267 [INFO] docuengine - Iniciando DocuEngine SGDEA (Observabilidad Activada)
2026-09-05 11:06:40,269 [INFO] docuengine - Iniciando DocuEngine SGDEA (Observabilidad Activada)
2026-09-05 11:06:40,486 [INFO] argostranslate.utils - ('get_installed_languages',)
2026-09-05 11:06:40,486 [INFO] argostranslate.utils - ('get_installed_languages',)
2026-09-05 11:06:41,680 [INFO] argostranslate.utils - ('paragraphs:', ['Inicializando sistema de traducciÃƒÂ³n offline'])
2026-09-05 11:06:41,680 [INFO] argostranslate.utils - ('paragraphs:', ['Inicializando sistema de traducciÃƒÂ³n offline'])
2026-09-05 11:06:41,680 [INFO] argostranslate.utils - ('apply_packaged_translation', 'Inicializando sistema de traducciÃƒÂ³n offline')
2026-09-05 11:06:41,680 [INFO] argostranslate.utils - ('apply_packaged_translation', 'Inicializando sistema de traducciÃƒÂ³n offline')
2026-09-05 11:06:41,680 [INFO] argostranslate.utils - ('Splitting sentences using SBD Model: (es) StanzaSentencizer',)
2026-09-05 11:06:41,680 [INFO] argostranslate.utils - ('Splitting sentences using SBD Model: (es) StanzaSentencizer',)
2026-09-05 11:06:42,633 [WARNING] stanza - Language es package default expects mwt, which has been added
2026-09-05 11:06:42,648 [WARNING] stanza - Language es package default expects mwt, which has been added
2026-09-05 11:06:47,514 [INFO] argostranslate.utils - ('sentences', ['Inicializando sistema de traducciÃƒÂ³n offline'])
2026-09-05 11:06:47,557 [INFO] argostranslate.utils - ('sentences', ['Inicializando sistema de traducciÃƒÂ³n offline'])
2026-09-05 11:06:48,192 [INFO] argostranslate.utils - ('tokenized', [['Inici@@', 'alizando', 'sistema', 'de', 'traduc@@', 'ci@@', 'Ã@@', 'ƒ@@', 'Â', '³', 'n', 'of@@', 'fl@@', 'ine']])
2026-09-05 11:06:48,214 [INFO] argostranslate.utils - ('tokenized', [['Inici@@', 'alizando', 'sistema', 'de', 'traduc@@', 'ci@@', 'Ã@@', 'ƒ@@', 'Â', '³', 'n', 'of@@', 'fl@@', 'ine']])
2026-09-05 11:06:48,375 [INFO] argostranslate.utils - ('translated_batches', [TranslationResult(hypotheses=[['Initi@@', 'alizing', 'system', 'of', 'translation']], scores=[-4.240051746368408], attention=[], logits=[])])
2026-09-05 11:06:48,376 [INFO] argostranslate.utils - ('value_hypotheses:', [('Initializing system of translation', -4.240051746368408)])
2026-09-05 11:06:48,376 [INFO] argostranslate.utils - ('translated_paragraphs:', [[('Initializing system of translation', -4.240051746368408)]])
2026-09-05 11:06:48,377 [INFO] argostranslate.utils - ('hypotheses_to_return:', [('Initializing system of translation', -4.240051746368408)])
2026-09-05 11:06:48,392 [INFO] argostranslate.utils - ('translated_batches', [TranslationResult(hypotheses=[['Initi@@', 'alizing', 'system', 'of', 'translation']], scores=[-4.240051746368408], attention=[], logits=[])])
2026-09-05 11:06:48,393 [INFO] argostranslate.utils - ('value_hypotheses:', [('Initializing system of translation', -4.240051746368408)])
2026-09-05 11:06:48,393 [INFO] argostranslate.utils - ('translated_paragraphs:', [[('Initializing system of translation', -4.240051746368408)]])
2026-09-05 11:06:48,393 [INFO] argostranslate.utils - ('hypotheses_to_return:', [('Initializing system of translation', -4.240051746368408)])
2026-09-05 11:06:52,160 [INFO] docuengine - Iniciando DocuEngine SGDEA (Observabilidad Activada)
2026-09-05 11:06:52,160 [INFO] docuengine - Iniciando DocuEngine SGDEA (Observabilidad Activada)
2026-09-05 11:06:52,161 [INFO] docuengine - Iniciando DocuEngine SGDEA (Observabilidad Activada)
2026-09-05 11:06:52,161 [INFO] docuengine - Iniciando DocuEngine SGDEA (Observabilidad Activada)
2026-09-05 11:06:59,978 [INFO] docuengine - Iniciando DocuEngine SGDEA (Observabilidad Activada)
2026-09-05 11:06:59,982 [INFO] docuengine - Iniciando DocuEngine SGDEA (Observabilidad Activada)
2026-09-05 11:07:00,186 [INFO] argostranslate.utils - ('get_installed_languages',)
2026-09-05 11:07:00,189 [INFO] argostranslate.utils - ('get_installed_languages',)
2026-09-05 11:07:01,259 [INFO] argostranslate.utils - ('paragraphs:', ['Inicializando sistema de traducciÃƒÂ³n offline'])
2026-09-05 11:07:01,260 [INFO] argostranslate.utils - ('apply_packaged_translation', 'Inicializando sistema de traducciÃƒÂ³n offline')
2026-09-05 11:07:01,260 [INFO] argostranslate.utils - ('Splitting sentences using SBD Model: (es) StanzaSentencizer',)
2026-09-05 11:07:01,293 [INFO] argostranslate.utils - ('paragraphs:', ['Inicializando sistema de traducciÃƒÂ³n offline'])
2026-09-05 11:07:01,293 [INFO] argostranslate.utils - ('apply_packaged_translation', 'Inicializando sistema de traducciÃƒÂ³n offline')
2026-09-05 11:07:01,294 [INFO] argostranslate.utils - ('Splitting sentences using SBD Model: (es) StanzaSentencizer',)
2026-09-05 11:07:02,239 [WARNING] stanza - Language es package default expects mwt, which has been added
2026-09-05 11:07:06,583 [INFO] argostranslate.utils - ('sentences', ['Inicializando sistema de traducciÃƒÂ³n offline'])
2026-09-05 11:07:07,435 [INFO] argostranslate.utils - ('tokenized', [['Inici@@', 'alizando', 'sistema', 'de', 'traduc@@', 'ci@@', 'Ã@@', 'ƒ@@', 'Â', '³', 'n', 'of@@', 'fl@@', 'ine']])
2026-09-05 11:07:07,574 [INFO] argostranslate.utils - ('translated_batches', [TranslationResult(hypotheses=[['Initi@@', 'alizing', 'system', 'of', 'translation']], scores=[-4.240051746368408], attention=[], logits=[])])
2026-09-05 11:07:07,575 [INFO] argostranslate.utils - ('value_hypotheses:', [('Initializing system of translation', -4.240051746368408)])
2026-09-05 11:07:07,575 [INFO] argostranslate.utils - ('translated_paragraphs:', [[('Initializing system of translation', -4.240051746368408)]])
2026-09-05 11:07:07,575 [INFO] argostranslate.utils - ('hypotheses_to_return:', [('Initializing system of translation', -4.240051746368408)])
2026-09-05 11:08:47,994 [INFO] docuengine - Iniciando DocuEngine SGDEA (Observabilidad Activada)
2026-09-05 11:08:47,995 [INFO] docuengine - Iniciando DocuEngine SGDEA (Observabilidad Activada)
2026-09-05 11:08:47,996 [INFO] docuengine - Iniciando DocuEngine SGDEA (Observabilidad Activada)
2026-09-05 11:08:47,997 [INFO] docuengine - Iniciando DocuEngine SGDEA (Observabilidad Activada)
2026-09-05 11:08:56,133 [INFO] docuengine - Iniciando DocuEngine SGDEA (Observabilidad Activada)
2026-09-05 11:08:56,136 [INFO] docuengine - Iniciando DocuEngine SGDEA (Observabilidad Activada)
2026-09-05 11:08:56,362 [INFO] argostranslate.utils - ('get_installed_languages',)
2026-09-05 11:08:56,369 [INFO] argostranslate.utils - ('get_installed_languages',)
2026-09-05 11:08:57,555 [INFO] argostranslate.utils - ('paragraphs:', ['Inicializando sistema de traducciÃƒÂ³n offline'])
2026-09-05 11:08:57,555 [INFO] argostranslate.utils - ('apply_packaged_translation', 'Inicializando sistema de traducciÃƒÂ³n offline')
2026-09-05 11:08:57,556 [INFO] argostranslate.utils - ('Splitting sentences using SBD Model: (es) StanzaSentencizer',)
2026-09-05 11:08:57,581 [INFO] argostranslate.utils - ('paragraphs:', ['Inicializando sistema de traducciÃƒÂ³n offline'])
2026-09-05 11:08:57,582 [INFO] argostranslate.utils - ('apply_packaged_translation', 'Inicializando sistema de traducciÃƒÂ³n offline')
2026-09-05 11:08:57,582 [INFO] argostranslate.utils - ('Splitting sentences using SBD Model: (es) StanzaSentencizer',)
2026-09-05 11:08:58,516 [WARNING] stanza - Language es package default expects mwt, which has been added
2026-09-05 11:09:03,969 [INFO] argostranslate.utils - ('sentences', ['Inicializando sistema de traducciÃƒÂ³n offline'])
2026-09-05 11:09:04,719 [INFO] argostranslate.utils - ('tokenized', [['Inici@@', 'alizando', 'sistema', 'de', 'traduc@@', 'ci@@', 'Ã@@', 'ƒ@@', 'Â', '³', 'n', 'of@@', 'fl@@', 'ine']])
2026-09-05 11:09:04,818 [INFO] argostranslate.utils - ('translated_batches', [TranslationResult(hypotheses=[['Initi@@', 'alizing', 'system', 'of', 'translation']], scores=[-4.240051746368408], attention=[], logits=[])])
2026-09-05 11:09:04,818 [INFO] argostranslate.utils - ('value_hypotheses:', [('Initializing system of translation', -4.240051746368408)])
2026-09-05 11:09:04,818 [INFO] argostranslate.utils - ('translated_paragraphs:', [[('Initializing system of translation', -4.240051746368408)]])
2026-09-05 11:09:04,819 [INFO] argostranslate.utils - ('hypotheses_to_return:', [('Initializing system of translation', -4.240051746368408)])
2026-09-05 11:09:21,635 [INFO] docuengine - Iniciando DocuEngine SGDEA (Observabilidad Activada)
2026-09-05 11:09:21,635 [INFO] docuengine - Iniciando DocuEngine SGDEA (Observabilidad Activada)
2026-09-05 11:09:21,996 [INFO] docuengine - Iniciando DocuEngine SGDEA (Observabilidad Activada)
2026-09-05 11:09:21,997 [INFO] docuengine - Iniciando DocuEngine SGDEA (Observabilidad Activada)
2026-09-05 11:09:29,168 [INFO] docuengine - Iniciando DocuEngine SGDEA (Observabilidad Activada)
2026-09-05 11:09:29,169 [INFO] docuengine - Iniciando DocuEngine SGDEA (Observabilidad Activada)
2026-09-05 11:09:29,409 [INFO] argostranslate.utils - ('get_installed_languages',)
2026-09-05 11:09:29,416 [INFO] argostranslate.utils - ('get_installed_languages',)
2026-09-05 11:09:30,492 [INFO] argostranslate.utils - ('paragraphs:', ['Inicializando sistema de traducciÃƒÂ³n offline'])
2026-09-05 11:09:30,492 [INFO] argostranslate.utils - ('apply_packaged_translation', 'Inicializando sistema de traducciÃƒÂ³n offline')
2026-09-05 11:09:30,492 [INFO] argostranslate.utils - ('Splitting sentences using SBD Model: (es) StanzaSentencizer',)
2026-09-05 11:09:30,526 [INFO] argostranslate.utils - ('paragraphs:', ['Inicializando sistema de traducciÃƒÂ³n offline'])
2026-09-05 11:09:30,526 [INFO] argostranslate.utils - ('apply_packaged_translation', 'Inicializando sistema de traducciÃƒÂ³n offline')
2026-09-05 11:09:30,527 [INFO] argostranslate.utils - ('Splitting sentences using SBD Model: (es) StanzaSentencizer',)
2026-09-05 11:09:31,372 [WARNING] stanza - Language es package default expects mwt, which has been added
2026-09-05 11:09:31,393 [WARNING] stanza - Language es package default expects mwt, which has been added
2026-09-05 11:09:35,480 [INFO] argostranslate.utils - ('sentences', ['Inicializando sistema de traducciÃƒÂ³n offline'])
2026-09-05 11:09:35,484 [INFO] argostranslate.utils - ('sentences', ['Inicializando sistema de traducciÃƒÂ³n offline'])
2026-09-05 11:09:36,124 [INFO] argostranslate.utils - ('tokenized', [['Inici@@', 'alizando', 'sistema', 'de', 'traduc@@', 'ci@@', 'Ã@@', 'ƒ@@', 'Â', '³', 'n', 'of@@', 'fl@@', 'ine']])
2026-09-05 11:09:36,125 [INFO] argostranslate.utils - ('tokenized', [['Inici@@', 'alizando', 'sistema', 'de', 'traduc@@', 'ci@@', 'Ã@@', 'ƒ@@', 'Â', '³', 'n', 'of@@', 'fl@@', 'ine']])
2026-09-05 11:09:36,308 [INFO] argostranslate.utils - ('translated_batches', [TranslationResult(hypotheses=[['Initi@@', 'alizing', 'system', 'of', 'translation']], scores=[-4.240051746368408], attention=[], logits=[])])
2026-09-05 11:09:36,309 [INFO] argostranslate.utils - ('value_hypotheses:', [('Initializing system of translation', -4.240051746368408)])
2026-09-05 11:09:36,311 [INFO] argostranslate.utils - ('translated_paragraphs:', [[('Initializing system of translation', -4.240051746368408)]])
2026-09-05 11:09:36,311 [INFO] argostranslate.utils - ('hypotheses_to_return:', [('Initializing system of translation', -4.240051746368408)])
2026-09-05 11:09:36,315 [INFO] argostranslate.utils - ('translated_batches', [TranslationResult(hypotheses=[['Initi@@', 'alizing', 'system', 'of', 'translation']], scores=[-4.240051746368408], attention=[], logits=[])])
2026-09-05 11:09:36,316 [INFO] argostranslate.utils - ('value_hypotheses:', [('Initializing system of translation', -4.240051746368408)])
2026-09-05 11:09:36,316 [INFO] argostranslate.utils - ('translated_paragraphs:', [[('Initializing system of translation', -4.240051746368408)]])
2026-09-05 11:09:36,317 [INFO] argostranslate.utils - ('hypotheses_to_return:', [('Initializing system of translation', -4.240051746368408)])
2026-09-05 11:10:38,735 [INFO] docuengine - Iniciando DocuEngine SGDEA (Observabilidad Activada)
2026-09-05 11:10:38,736 [INFO] docuengine - Iniciando DocuEngine SGDEA (Observabilidad Activada)
2026-09-05 11:10:38,737 [INFO] docuengine - Iniciando DocuEngine SGDEA (Observabilidad Activada)
2026-09-05 11:10:47,213 [INFO] docuengine - Iniciando DocuEngine SGDEA (Observabilidad Activada)
2026-09-05 11:10:47,216 [INFO] docuengine - Iniciando DocuEngine SGDEA (Observabilidad Activada)
2026-09-05 11:10:47,439 [INFO] argostranslate.utils - ('get_installed_languages',)
2026-09-05 11:10:47,452 [INFO] argostranslate.utils - ('get_installed_languages',)
2026-09-05 11:10:48,536 [INFO] argostranslate.utils - ('paragraphs:', ['Inicializando sistema de traducciÃƒÂ³n offline'])
2026-09-05 11:10:48,537 [INFO] argostranslate.utils - ('apply_packaged_translation', 'Inicializando sistema de traducciÃƒÂ³n offline')
2026-09-05 11:10:48,537 [INFO] argostranslate.utils - ('Splitting sentences using SBD Model: (es) StanzaSentencizer',)
2026-09-05 11:10:48,566 [INFO] argostranslate.utils - ('paragraphs:', ['Inicializando sistema de traducciÃƒÂ³n offline'])
2026-09-05 11:10:48,567 [INFO] argostranslate.utils - ('apply_packaged_translation', 'Inicializando sistema de traducciÃƒÂ³n offline')
2026-09-05 11:10:48,567 [INFO] argostranslate.utils - ('Splitting sentences using SBD Model: (es) StanzaSentencizer',)
2026-09-05 11:10:49,507 [WARNING] stanza - Language es package default expects mwt, which has been added
2026-09-05 11:10:54,180 [INFO] argostranslate.utils - ('sentences', ['Inicializando sistema de traducciÃƒÂ³n offline'])
2026-09-05 11:10:54,871 [INFO] argostranslate.utils - ('tokenized', [['Inici@@', 'alizando', 'sistema', 'de', 'traduc@@', 'ci@@', 'Ã@@', 'ƒ@@', 'Â', '³', 'n', 'of@@', 'fl@@', 'ine']])
2026-09-05 11:10:54,975 [INFO] argostranslate.utils - ('translated_batches', [TranslationResult(hypotheses=[['Initi@@', 'alizing', 'system', 'of', 'translation']], scores=[-4.240051746368408], attention=[], logits=[])])
2026-09-05 11:10:54,976 [INFO] argostranslate.utils - ('value_hypotheses:', [('Initializing system of translation', -4.240051746368408)])
2026-09-05 11:10:54,976 [INFO] argostranslate.utils - ('translated_paragraphs:', [[('Initializing system of translation', -4.240051746368408)]])
2026-09-05 11:10:54,976 [INFO] argostranslate.utils - ('hypotheses_to_return:', [('Initializing system of translation', -4.240051746368408)])
2026-09-05 11:12:05,848 [INFO] docuengine - Iniciando DocuEngine SGDEA (Observabilidad Activada)
2026-09-05 11:12:05,850 [INFO] docuengine - Iniciando DocuEngine SGDEA (Observabilidad Activada)
2026-09-05 11:12:06,074 [INFO] docuengine - Iniciando DocuEngine SGDEA (Observabilidad Activada)
2026-09-05 11:12:06,075 [INFO] docuengine - Iniciando DocuEngine SGDEA (Observabilidad Activada)
2026-09-05 11:12:14,237 [INFO] docuengine - Iniciando DocuEngine SGDEA (Observabilidad Activada)
2026-09-05 11:12:14,241 [INFO] docuengine - Iniciando DocuEngine SGDEA (Observabilidad Activada)
2026-09-05 11:12:14,463 [INFO] argostranslate.utils - ('get_installed_languages',)
2026-09-05 11:12:14,464 [INFO] argostranslate.utils - ('get_installed_languages',)
2026-09-05 11:12:15,497 [INFO] argostranslate.utils - ('paragraphs:', ['Inicializando sistema de traducciÃƒÂ³n offline'])
2026-09-05 11:12:15,498 [INFO] argostranslate.utils - ('apply_packaged_translation', 'Inicializando sistema de traducciÃƒÂ³n offline')
2026-09-05 11:12:15,498 [INFO] argostranslate.utils - ('apply_packaged_translation', 'Inicializando sistema de traducciÃƒÂ³n offline')
2026-09-05 11:12:15,498 [INFO] argostranslate.utils - ('Splitting sentences using SBD Model: (es) StanzaSentencizer',)
2026-09-05 11:12:15,499 [INFO] argostranslate.utils - ('Splitting sentences using SBD Model: (es) StanzaSentencizer',)
2026-09-05 11:12:16,469 [WARNING] stanza - Language es package default expects mwt, which has been added
2026-09-05 11:12:20,499 [INFO] docuengine - Iniciando DocuEngine SGDEA (Observabilidad Activada)
2026-09-05 11:12:20,501 [INFO] docuengine - Iniciando DocuEngine SGDEA (Observabilidad Activada)
2026-09-05 11:12:20,884 [INFO] argostranslate.utils - ('sentences', ['Inicializando sistema de traducciÃƒÂ³n offline'])
2026-09-05 11:12:21,532 [INFO] argostranslate.utils - ('tokenized', [['Inici@@', 'alizando', 'sistema', 'de', 'traduc@@', 'ci@@', 'Ã@@', 'ƒ@@', 'Â', '³', 'n', 'of@@', 'fl@@', 'ine']])
2026-09-05 11:12:21,658 [INFO] argostranslate.utils - ('translated_batches', [TranslationResult(hypotheses=[['Initi@@', 'alizing', 'system', 'of', 'translation']], scores=[-4.240051746368408], attention=[], logits=[])])
2026-09-05 11:12:21,659 [INFO] argostranslate.utils - ('value_hypotheses:', [('Initializing system of translation', -4.240051746368408)])
2026-09-05 11:12:21,659 [INFO] argostranslate.utils - ('translated_paragraphs:', [[('Initializing system of translation', -4.240051746368408)]])
2026-09-05 11:12:21,660 [INFO] argostranslate.utils - ('hypotheses_to_return:', [('Initializing system of translation', -4.240051746368408)])
2026-09-05 11:12:24,904 [INFO] docuengine - Iniciando DocuEngine SGDEA (Observabilidad Activada)
2026-09-05 11:12:24,905 [INFO] docuengine - Iniciando DocuEngine SGDEA (Observabilidad Activada)
2026-09-05 11:12:29,891 [INFO] docuengine - Iniciando DocuEngine SGDEA (Observabilidad Activada)
2026-09-05 11:12:30,137 [INFO] argostranslate.utils - ('get_installed_languages',)
2026-09-05 11:12:30,442 [INFO] docuengine - Iniciando DocuEngine SGDEA (Observabilidad Activada)
2026-09-05 11:12:30,695 [INFO] argostranslate.utils - ('get_installed_languages',)
2026-09-05 11:12:31,162 [INFO] argostranslate.utils - ('paragraphs:', ['Inicializando sistema de traducciÃƒÂ³n offline'])
2026-09-05 11:12:31,163 [INFO] argostranslate.utils - ('apply_packaged_translation', 'Inicializando sistema de traducciÃƒÂ³n offline')
2026-09-05 11:12:31,163 [INFO] argostranslate.utils - ('Splitting sentences using SBD Model: (es) StanzaSentencizer',)
2026-09-05 11:12:31,658 [INFO] argostranslate.utils - ('paragraphs:', ['Inicializando sistema de traducciÃƒÂ³n offline'])
2026-09-05 11:12:31,658 [INFO] argostranslate.utils - ('apply_packaged_translation', 'Inicializando sistema de traducciÃƒÂ³n offline')
2026-09-05 11:12:31,659 [INFO] argostranslate.utils - ('Splitting sentences using SBD Model: (es) StanzaSentencizer',)
2026-09-05 11:12:32,059 [WARNING] stanza - Language es package default expects mwt, which has been added
2026-09-05 11:12:32,521 [WARNING] stanza - Language es package default expects mwt, which has been added
2026-09-05 11:12:36,502 [INFO] argostranslate.utils - ('sentences', ['Inicializando sistema de traducciÃƒÂ³n offline'])
2026-09-05 11:12:36,635 [INFO] argostranslate.utils - ('sentences', ['Inicializando sistema de traducciÃƒÂ³n offline'])
2026-09-05 11:12:37,148 [INFO] argostranslate.utils - ('tokenized', [['Inici@@', 'alizando', 'sistema', 'de', 'traduc@@', 'ci@@', 'Ã@@', 'ƒ@@', 'Â', '³', 'n', 'of@@', 'fl@@', 'ine']])
2026-09-05 11:12:37,242 [INFO] argostranslate.utils - ('translated_batches', [TranslationResult(hypotheses=[['Initi@@', 'alizing', 'system', 'of', 'translation']], scores=[-4.240051746368408], attention=[], logits=[])])
2026-09-05 11:12:37,242 [INFO] argostranslate.utils - ('value_hypotheses:', [('Initializing system of translation', -4.240051746368408)])
2026-09-05 11:12:37,243 [INFO] argostranslate.utils - ('translated_paragraphs:', [[('Initializing system of translation', -4.240051746368408)]])
2026-09-05 11:12:37,243 [INFO] argostranslate.utils - ('hypotheses_to_return:', [('Initializing system of translation', -4.240051746368408)])
2026-09-05 11:12:37,275 [INFO] argostranslate.utils - ('tokenized', [['Inici@@', 'alizando', 'sistema', 'de', 'traduc@@', 'ci@@', 'Ã@@', 'ƒ@@', 'Â', '³', 'n', 'of@@', 'fl@@', 'ine']])
2026-09-05 11:12:37,375 [INFO] argostranslate.utils - ('translated_batches', [TranslationResult(hypotheses=[['Initi@@', 'alizing', 'system', 'of', 'translation']], scores=[-4.240051746368408], attention=[], logits=[])])
2026-09-05 11:12:37,376 [INFO] argostranslate.utils - ('value_hypotheses:', [('Initializing system of translation', -4.240051746368408)])
2026-09-05 11:12:37,376 [INFO] argostranslate.utils - ('translated_paragraphs:', [[('Initializing system of translation', -4.240051746368408)]])
2026-09-05 11:12:37,377 [INFO] argostranslate.utils - ('hypotheses_to_return:', [('Initializing system of translation', -4.240051746368408)])
2026-09-05 11:16:05,540 [INFO] docuengine - Iniciando DocuEngine SGDEA (Observabilidad Activada)
2026-09-05 11:16:05,542 [INFO] docuengine - Iniciando DocuEngine SGDEA (Observabilidad Activada)
2026-09-05 11:16:16,888 [INFO] docuengine - Iniciando DocuEngine SGDEA (Observabilidad Activada)
